
error[E0599]: the method `anyhow_kind` exists for reference `&Error`, but its trait bounds were not satisfied
 --> tests/ui/no-impl.rs:7:13
  |
4 | struct Error;