error[E0716]: temporary value dropped while borrowed
 --> tests/ui/temporary-value.rs:4:22