error: 1 positional argument in format string, but no arguments 